[Push Error] Expo server rejected push notification to token ExponentPushToken[L301FSE_MtlGoUADHLNSO7]
[Push Error Details] Unable to retrieve the FCM server key for the recipient's app. Make sure you have provided a server key as directed by the Expo FCM documentation. (Code: InvalidCredentials)
[Push Error] Expo server rejected push notification to token ExponentPushToken[8697ueJ2uB6TnrZWQIObCD]
[Push Error Details] Unable to retrieve the FCM server key for the recipient's app. Make sure you have provided a server key as directed by the Expo FCM documentation. (Code: InvalidCredentials)
[Push Error] Expo server rejected push notification to token ExponentPushToken[FZ0IswPglmaGYC4WCuCEdx]
[Push Error Details] Unable to retrieve the FCM server key for the recipient's app. Make sure you have provided a server key as directed by the Expo FCM documentation. (Code: InvalidCredentials)
[Push Error] Expo server rejected push notification to token ExponentPushToken[pP27acM4sz0DBhYokiVqW9]
[Push Error Details] Unable to retrieve the FCM server key for the recipient's app. Make sure you have provided a server key as directed by the Expo FCM documentation. (Code: InvalidCredentials)
[Push Error] Expo server rejected push notification to token ExponentPushToken[REXnbfL8MnknDY34U0tmMr]
[Push Error Details] Unable to retrieve the FCM server key for the recipient's app. Make sure you have provided a server key as directed by the Expo FCM documentation. (Code: InvalidCredentials)
[Push Error] Expo server rejected push notification to token ExponentPushToken[rS0BVMFd_Obn3CyQHJz-9a]
[Push Error Details] Unable to retrieve the FCM server key for the recipient's app. Make sure you have provided a server key as directed by the Expo FCM documentation. (Code: InvalidCredentials)
[Push Error] Expo server rejected push notification to token ExponentPushToken[Eyb0ujOO8Ac5lqAba7B9HX]
[Push Error Details] Unable to retrieve the FCM server key for the recipient's app. Make sure you have provided a server key as directed by the Expo FCM documentation. (Code: InvalidCredentials)
[Push Error] Expo server rejected push notification to token ExponentPushToken[3WFQctPV2AH6vIi0QGcOUk]
[Push Error Details] Unable to retrieve the FCM server key for the recipient's app. Make sure you have provided a server key as directed by the Expo FCM documentation. (Code: InvalidCredentials)
[Push Error] Expo server rejected push notification to token ExponentPushToken[9xyY6aIXyCF2q3nBon1UT6]
[Push Error Details] Unable to retrieve the FCM server key for the recipient's app. Make sure you have provided a server key as directed by the Expo FCM documentation. (Code: InvalidCredentials)
[Push Error] Expo server rejected push notification to token ExponentPushToken[HXnPVBA__849SGqpQmsSvc]
[Push Error Details] Unable to retrieve the FCM server key for the recipient's app. Make sure you have provided a server key as directed by the Expo FCM documentation. (Code: InvalidCredentials)
[Push Error] Expo server rejected push notification to token ExponentPushToken[rS0BVMFd_Obn3CyQHJz-9a]
[Push Error Details] Unable to retrieve the FCM server key for the recipient's app. Make sure you have provided a server key as directed by the Expo FCM documentation. (Code: InvalidCredentials)
[Push Error] Expo server rejected push notification to token ExponentPushToken[REXnbfL8MnknDY34U0tmMr]
[Push Error Details] Unable to retrieve the FCM server key for the recipient's app. Make sure you have provided a server key as directed by the Expo FCM documentation. (Code: InvalidCredentials)
[Push Error] Expo server rejected push notification to token ExponentPushToken[pP27acM4sz0DBhYokiVqW9]
[Push Error Details] Unable to retrieve the FCM server key for the recipient's app. Make sure you have provided a server key as directed by the Expo FCM documentation. (Code: InvalidCredentials)
[Push Error] Expo server rejected push notification to token ExponentPushToken[8697ueJ2uB6TnrZWQIObCD]
[Push Error Details] Unable to retrieve the FCM server key for the recipient's app. Make sure you have provided a server key as directed by the Expo FCM documentation. (Code: InvalidCredentials)
[Push Error] Expo server rejected push notification to token ExponentPushToken[FZ0IswPglmaGYC4WCuCEdx]
[Push Error Details] Unable to retrieve the FCM server key for the recipient's app. Make sure you have provided a server key as directed by the Expo FCM documentation. (Code: InvalidCredentials)
[Push Error] Expo server rejected push notification to token ExponentPushToken[L301FSE_MtlGoUADHLNSO7]
[Push Error Details] Unable to retrieve the FCM server key for the recipient's app. Make sure you have provided a server key as directed by the Expo FCM documentation. (Code: InvalidCredentials)
[Push Error] Expo server rejected push notification to token ExponentPushToken[Eyb0ujOO8Ac5lqAba7B9HX]
[Push Error Details] Unable to retrieve the FCM server key for the recipient's app. Make sure you have provided a server key as directed by the Expo FCM documentation. (Code: InvalidCredentials)
[Push Error] Expo server rejected push notification to token ExponentPushToken[3WFQctPV2AH6vIi0QGcOUk]
[Push Error Details] Unable to retrieve the FCM server key for the recipient's app. Make sure you have provided a server key as directed by the Expo FCM documentation. (Code: InvalidCredentials)
[Push Error] Expo server rejected push notification to token ExponentPushToken[HXnPVBA__849SGqpQmsSvc]
[Push Error Details] Unable to retrieve the FCM server key for the recipient's app. Make sure you have provided a server key as directed by the Expo FCM documentation. (Code: InvalidCredentials)
[Push Error] Expo server rejected push notification to token ExponentPushToken[9xyY6aIXyCF2q3nBon1UT6]
[Push Error Details] Unable to retrieve the FCM server key for the recipient's app. Make sure you have provided a server key as directed by the Expo FCM documentation. (Code: InvalidCredentials)
[Push Error] Expo server rejected push notification to token ExponentPushToken[L301FSE_MtlGoUADHLNSO7]
[Push Error Details] Unable to retrieve the FCM server key for the recipient's app. Make sure you have provided a server key as directed by the Expo FCM documentation. (Code: InvalidCredentials)
[Push Error] Expo server rejected push notification to token ExponentPushToken[FZ0IswPglmaGYC4WCuCEdx]
[Push Error Details] Unable to retrieve the FCM server key for the recipient's app. Make sure you have provided a server key as directed by the Expo FCM documentation. (Code: InvalidCredentials)
[Push Error] Expo server rejected push notification to token ExponentPushToken[REXnbfL8MnknDY34U0tmMr]
[Push Error Details] Unable to retrieve the FCM server key for the recipient's app. Make sure you have provided a server key as directed by the Expo FCM documentation. (Code: InvalidCredentials)
[Push Error] Expo server rejected push notification to token ExponentPushToken[8697ueJ2uB6TnrZWQIObCD]
[Push Error Details] Unable to retrieve the FCM server key for the recipient's app. Make sure you have provided a server key as directed by the Expo FCM documentation. (Code: InvalidCredentials)
[Push Error] Expo server rejected push notification to token ExponentPushToken[pP27acM4sz0DBhYokiVqW9]
[Push Error Details] Unable to retrieve the FCM server key for the recipient's app. Make sure you have provided a server key as directed by the Expo FCM documentation. (Code: InvalidCredentials)
[Push Error] Expo server rejected push notification to token ExponentPushToken[rS0BVMFd_Obn3CyQHJz-9a]
[Push Error Details] Unable to retrieve the FCM server key for the recipient's app. Make sure you have provided a server key as directed by the Expo FCM documentation. (Code: InvalidCredentials)
[Push Error] Expo server rejected push notification to token ExponentPushToken[Eyb0ujOO8Ac5lqAba7B9HX]
[Push Error Details] Unable to retrieve the FCM server key for the recipient's app. Make sure you have provided a server key as directed by the Expo FCM documentation. (Code: InvalidCredentials)
[Push Error] Expo server rejected push notification to token ExponentPushToken[HXnPVBA__849SGqpQmsSvc]
[Push Error Details] Unable to retrieve the FCM server key for the recipient's app. Make sure you have provided a server key as directed by the Expo FCM documentation. (Code: InvalidCredentials)
[Push Error] Expo server rejected push notification to token ExponentPushToken[3WFQctPV2AH6vIi0QGcOUk]
[Push Error Details] Unable to retrieve the FCM server key for the recipient's app. Make sure you have provided a server key as directed by the Expo FCM documentation. (Code: InvalidCredentials)
[Push Error] Expo server rejected push notification to token ExponentPushToken[9xyY6aIXyCF2q3nBon1UT6]
[Push Error Details] Unable to retrieve the FCM server key for the recipient's app. Make sure you have provided a server key as directed by the Expo FCM documentation. (Code: InvalidCredentials)
npm error Lifecycle script `dev` failed with error:
npm error code 1
npm error path D:\visitor-home-project--main\backend
npm error workspace backend@1.0.0
npm error location D:\visitor-home-project--main\backend
npm error command failed
npm error command C:\Windows\system32\cmd.exe /d /s /c tsx watch src/app.ts
